2026-06-14 20:55:22,653 INFO 
Аккаунт: old | from-date: 2026-05-01 00:00:00 | dry: False | only: seq
2026-06-14 20:55:25,146 INFO Организаций: 7
2026-06-14 20:55:25,146 INFO   0f442709… ИП Збань Виталий Алексеевич
2026-06-14 20:55:25,146 INFO   788c26f4… Переработка брака
2026-06-14 20:55:25,146 INFO   7db6c76d… ИП Такоева Анна Олеговна
2026-06-14 20:55:25,146 INFO   9e916f75… ИП Афанасьева Наталья Александровна
2026-06-14 20:55:25,146 INFO   b24cb33b… ООО "ВАН ПАК"
2026-06-14 20:55:25,146 INFO   b8847af4… ИП Фролова Юлия Дмитриевна
2026-06-14 20:55:25,146 INFO   d7f9037f… ИП Тутушкина Элина Александровна
2026-06-14 20:55:25,146 INFO 
=======================================================
customerorder
=======================================================
2026-06-14 20:55:25,146 INFO 
  Орг: ИП Збань Виталий Алексеевич
2026-06-14 20:55:35,445 INFO     Документов до 2026-05-01 00:00:00: 474
2026-06-14 20:55:35,446 INFO     Канонический prefix: 'ЗБ-'
2026-06-14 20:55:35,446 INFO     Якорь: 'ЗБ-04344' (moment=2026-04-30 17:38:00.000) → num=4344 width=5
2026-06-14 20:55:37,640 INFO     Документов с 2026-05-01 00:00:00: 78
2026-06-14 20:55:37,640 INFO     Проход 1/2: временные имена (9 шт)...
2026-06-14 20:55:46,201 INFO     Проход 1 завершён: 9/9
2026-06-14 20:55:46,202 INFO     Проход 2/2: финальные имена...
2026-06-14 20:55:54,932 INFO     Проход 2 завершён: ok=9 err=0
2026-06-14 20:55:54,933 INFO 
  Орг: Переработка брака
2026-06-14 20:56:04,414 INFO     Документов до 2026-05-01 00:00:00: 530
2026-06-14 20:56:04,414 INFO     Канонический prefix: 'ПЕ-'
2026-06-14 20:56:04,415 INFO     Якорь: 'ПЕ-00412' (moment=2026-04-28 16:51:00.000) → num=412 width=5
2026-06-14 20:56:05,669 INFO     Документов с 2026-05-01 00:00:00: 23
2026-06-14 20:56:05,669 INFO     Проход 1/2: временные имена (13 шт)...
2026-06-14 20:56:18,510 INFO     Проход 1 завершён: 13/13
2026-06-14 20:56:18,511 INFO     Проход 2/2: финальные имена...
2026-06-14 20:56:32,695 INFO     Проход 2 завершён: ok=13 err=0
2026-06-14 20:56:32,696 INFO 
  Орг: ИП Такоева Анна Олеговна
2026-06-14 20:57:22,378 INFO     Документов до 2026-05-01 00:00:00: 2456
2026-06-14 20:57:22,382 INFO     Канонический prefix: 'ТА-'
2026-06-14 20:57:22,382 INFO     Якорь: 'ТА-01520' (moment=2026-04-27 09:19:00.000) → num=1520 width=5
2026-06-14 20:57:23,702 INFO     Документов с 2026-05-01 00:00:00: 37
2026-06-14 20:57:23,703 INFO     Проход 1/2: временные имена (8 шт)...
2026-06-14 20:57:30,753 INFO     Проход 1 завершён: 8/8
2026-06-14 20:57:30,753 INFO     Проход 2/2: финальные имена...
2026-06-14 20:57:38,119 INFO     Проход 2 завершён: ok=8 err=0
2026-06-14 20:57:38,119 INFO 
  Орг: ИП Афанасьева Наталья Александровна
2026-06-14 20:57:38,969 INFO     Документов до 2026-05-01 00:00:00: 0
2026-06-14 20:57:39,580 WARNING     ⚠ Нет документов до 2026-05-01 00:00:00. Prefix взят из demand: 'АФ-'. Anchor=0.
2026-06-14 20:57:39,580 INFO     ⚡ Принудительный prefix: 'АФ-' (anchor=0)
2026-06-14 20:57:40,478 INFO     Документов с 2026-05-01 00:00:00: 15
2026-06-14 20:57:40,478 INFO     Проход 1/2: временные имена (8 шт)...
2026-06-14 20:57:46,899 INFO     Проход 1 завершён: 8/8
2026-06-14 20:57:46,899 INFO     Проход 2/2: финальные имена...
2026-06-14 20:57:48,021 WARNING   ✗ PUT customerorder/cbf31c6c-5f43-11f1-0a80-0438000e4c7c name='АФ-00008': 412 {
  "errors" : [ {
    "error" : "Ошибка сохранения объекта: нарушено ограничение уникальности параметра 'name'",
    "code" : 3006,
    "parameter" : "name",
    "moreInfo" : "https://dev.moysklad.ru
2026-06-14 20:57:48,576 WARNING   ✗ PUT customerorder/7fba56ca-60ca-11f1-0a80-0e55000b8453 name='АФ-00009': 412 {
  "errors" : [ {
    "error" : "Ошибка сохранения объекта: нарушено ограничение уникальности параметра 'name'",
    "code" : 3006,
    "parameter" : "name",
    "moreInfo" : "https://dev.moysklad.ru
2026-06-14 20:57:49,132 WARNING   ✗ PUT customerorder/5ea2496b-60d8-11f1-0a80-17b8000e90e5 name='АФ-00010': 412 {
  "errors" : [ {
    "error" : "Ошибка сохранения объекта: нарушено ограничение уникальности параметра 'name'",
    "code" : 3006,
    "parameter" : "name",
    "moreInfo" : "https://dev.moysklad.ru
2026-06-14 20:57:49,676 WARNING   ✗ PUT customerorder/170ba809-659f-11f1-0a80-17cb0013583b name='АФ-00011': 412 {
  "errors" : [ {
    "error" : "Ошибка сохранения объекта: нарушено ограничение уникальности параметра 'name'",
    "code" : 3006,
    "parameter" : "name",
    "moreInfo" : "https://dev.moysklad.ru
2026-06-14 20:57:50,181 WARNING   ✗ PUT customerorder/288a43b1-6646-11f1-0a80-0bcf00402ef5 name='АФ-00012': 412 {
  "errors" : [ {
    "error" : "Ошибка сохранения объекта: нарушено ограничение уникальности параметра 'name'",
    "code" : 3006,
    "parameter" : "name",
    "moreInfo" : "https://dev.moysklad.ru
2026-06-14 20:57:50,732 WARNING   ✗ PUT customerorder/3e65b96b-65a5-11f1-0a80-0fd50013d4f9 name='АФ-00013': 412 {
  "errors" : [ {
    "error" : "Ошибка сохранения объекта: нарушено ограничение уникальности параметра 'name'",
    "code" : 3006,
    "parameter" : "name",
    "moreInfo" : "https://dev.moysklad.ru
2026-06-14 20:57:52,116 WARNING   ✗ PUT customerorder/b69977ad-6582-11f1-0a80-15fd000c743a name='АФ-00015': 412 {
  "errors" : [ {
    "error" : "Ошибка сохранения объекта: нарушено ограничение уникальности параметра 'name'",
    "code" : 3006,
    "parameter" : "name",
    "moreInfo" : "https://dev.moysklad.ru
2026-06-14 20:57:52,116 INFO     Проход 2 завершён: ok=1 err=7
2026-06-14 20:57:52,116 INFO     Проход 3/3: устранение коллизий (7 шт)...
2026-06-14 20:57:52,953 WARNING     ⚠ Блокирующий для 'АФ-00008' не найден
2026-06-14 20:57:52,954 WARNING     ⚠ Блокирующий для 'АФ-00009' не найден
2026-06-14 20:57:52,954 WARNING     ⚠ Блокирующий для 'АФ-00010' не найден
2026-06-14 20:57:52,954 WARNING     ⚠ Блокирующий для 'АФ-00011' не найден
2026-06-14 20:57:52,954 WARNING     ⚠ Блокирующий для 'АФ-00012' не найден
2026-06-14 20:57:52,954 WARNING     ⚠ Блокирующий для 'АФ-00013' не найден
2026-06-14 20:57:52,954 WARNING     ⚠ Блокирующий для 'АФ-00015' не найден
2026-06-14 20:57:52,954 INFO 
  Орг: ООО "ВАН ПАК"
2026-06-14 20:58:53,615 INFO     Документов до 2026-05-01 00:00:00: 3198
2026-06-14 20:58:53,620 INFO     Канонический prefix: 'ВА-'
2026-06-14 20:58:53,621 INFO     Якорь: 'ВА-02432' (moment=2026-04-30 16:14:00.000) → num=2432 width=5
2026-06-14 20:58:59,753 INFO     Документов с 2026-05-01 00:00:00: 259
2026-06-14 20:58:59,754 INFO     Проход 1/2: временные имена (60 шт)...
2026-06-14 21:00:04,865 INFO     Проход 1 завершён: 60/60
2026-06-14 21:00:04,866 INFO     Проход 2/2: финальные имена...
2026-06-14 21:01:31,569 INFO     Проход 2 завершён: ok=60 err=0
2026-06-14 21:01:31,570 INFO 
  Орг: ИП Фролова Юлия Дмитриевна
2026-06-14 21:01:38,323 INFO     Документов до 2026-05-01 00:00:00: 164
2026-06-14 21:01:38,323 INFO     Канонический prefix: 'ФР-'
2026-06-14 21:01:38,323 INFO     Якорь: 'ФР-00167' (moment=2026-04-30 17:36:00.000) → num=167 width=5
2026-06-14 21:01:39,928 INFO     Документов с 2026-05-01 00:00:00: 28
2026-06-14 21:01:39,929 INFO     Проход 1/2: временные имена (8 шт)...
2026-06-14 21:01:46,975 INFO     Проход 1 завершён: 8/8
2026-06-14 21:01:46,975 INFO     Проход 2/2: финальные имена...
2026-06-14 21:01:54,411 INFO     Проход 2 завершён: ok=8 err=0
2026-06-14 21:01:54,411 INFO 
  Орг: ИП Тутушкина Элина Александровна
2026-06-14 21:02:22,979 INFO     Документов до 2026-05-01 00:00:00: 1148
2026-06-14 21:02:22,981 INFO     Канонический prefix: 'ТУ-'
2026-06-14 21:02:22,981 INFO     Якорь: 'ТУ-00870' (moment=2026-04-30 17:42:00.000) → num=870 width=5
2026-06-14 21:02:24,060 INFO     Документов с 2026-05-01 00:00:00: 20
2026-06-14 21:02:24,060 INFO     Проход 1/2: временные имена (1 шт)...
2026-06-14 21:02:25,049 INFO     Проход 1 завершён: 1/1
2026-06-14 21:02:25,049 INFO     Проход 2/2: финальные имена...
2026-06-14 21:02:26,284 INFO     Проход 2 завершён: ok=1 err=0
2026-06-14 21:02:26,296 INFO 
=======================================================
demand
=======================================================
2026-06-14 21:02:26,296 INFO 
  Орг: ИП Збань Виталий Алексеевич
2026-06-14 21:02:33,589 INFO     Документов до 2026-05-01 00:00:00: 387
2026-06-14 21:02:33,589 INFO     Канонический prefix: ''
2026-06-14 21:02:33,589 INFO     Якорь: '00223' (moment=2026-04-30 13:51:00.000) → num=223 width=5
2026-06-14 21:02:34,956 INFO     Документов с 2026-05-01 00:00:00: 58
2026-06-14 21:02:34,956 INFO     Проход 1/2: временные имена (3 шт)...
2026-06-14 21:02:37,841 INFO     Проход 1 завершён: 3/3
2026-06-14 21:02:37,842 INFO     Проход 2/2: финальные имена...
2026-06-14 21:02:40,841 INFO     Проход 2 завершён: ok=3 err=0
2026-06-14 21:02:40,841 INFO 
  Орг: Переработка брака
2026-06-14 21:02:47,505 INFO     Документов до 2026-05-01 00:00:00: 428
2026-06-14 21:02:47,506 INFO     Канонический prefix: 'ПЕ-'
2026-06-14 21:02:47,506 INFO     Якорь: 'ПЕ-26978' (moment=2026-04-30 14:26:00.000) → num=26978 width=5
2026-06-14 21:02:48,453 INFO     Документов с 2026-05-01 00:00:00: 22
2026-06-14 21:02:48,454 INFO     Проход 1/2: временные имена (4 шт)...
2026-06-14 21:02:52,407 INFO     Проход 1 завершён: 4/4
2026-06-14 21:02:52,407 INFO     Проход 2/2: финальные имена...
2026-06-14 21:02:56,987 INFO     Проход 2 завершён: ok=4 err=0
2026-06-14 21:02:56,988 INFO 
  Орг: ИП Такоева Анна Олеговна
2026-06-14 21:03:24,655 INFO     Документов до 2026-05-01 00:00:00: 2320
2026-06-14 21:03:24,659 INFO     Канонический prefix: 'ТА-'
2026-06-14 21:03:24,659 INFO     Якорь: 'ТА-11225' (moment=2026-04-27 09:08:00.000) → num=11225 width=5
2026-06-14 21:03:26,109 INFO     Документов с 2026-05-01 00:00:00: 30
2026-06-14 21:03:26,110 INFO     Проход 1/2: временные имена (4 шт)...
2026-06-14 21:03:30,350 INFO     Проход 1 завершён: 4/4
2026-06-14 21:03:30,350 INFO     Проход 2/2: финальные имена...
2026-06-14 21:03:34,373 INFO     Проход 2 завершён: ok=4 err=0
2026-06-14 21:03:34,373 INFO 
  Орг: ИП Афанасьева Наталья Александровна
2026-06-14 21:03:34,998 INFO     Документов до 2026-05-01 00:00:00: 0
2026-06-14 21:03:35,968 WARNING     ⚠ Нет документов до 2026-05-01 00:00:00. Prefix взят из demand: 'АФ-'. Anchor=0.
2026-06-14 21:03:36,513 INFO     ⚡ Принудительный prefix: 'АФ-' (anchor=0)
2026-06-14 21:03:37,499 INFO     Документов с 2026-05-01 00:00:00: 9
2026-06-14 21:03:37,500 INFO     Проход 1/2: временные имена (2 шт)...
2026-06-14 21:03:39,423 INFO     Проход 1 завершён: 2/2
2026-06-14 21:03:39,424 INFO     Проход 2/2: финальные имена...
2026-06-14 21:03:41,740 INFO     Проход 2 завершён: ok=2 err=0
2026-06-14 21:03:41,740 INFO 
  Орг: ООО "ВАН ПАК"
2026-06-14 21:04:18,164 INFO     Документов до 2026-05-01 00:00:00: 2971
2026-06-14 21:04:18,166 INFO     Канонический prefix: 'ВА-'
2026-06-14 21:04:18,166 INFO     Якорь: 'ВА-18332' (moment=2026-04-30 16:08:00.000) → num=18332 width=5
2026-06-14 21:04:23,452 INFO     Документов с 2026-05-01 00:00:00: 240
2026-06-14 21:04:23,454 INFO     Проход 1/2: временные имена (74 шт)...
2026-06-14 21:05:40,251 INFO     Проход 1 завершён: 74/74
2026-06-14 21:05:40,253 INFO     Проход 2/2: финальные имена...
2026-06-14 21:06:50,906 INFO     Проход 2 завершён: ok=74 err=0
2026-06-14 21:06:50,907 INFO 
  Орг: ИП Фролова Юлия Дмитриевна
2026-06-14 21:06:53,039 INFO     Документов до 2026-05-01 00:00:00: 111
2026-06-14 21:06:53,040 INFO     Канонический prefix: 'ФР-'
2026-06-14 21:06:53,040 INFO     Якорь: 'ФР-00110' (moment=2026-04-28 14:16:00.000) → num=110 width=5
2026-06-14 21:06:53,859 INFO     Документов с 2026-05-01 00:00:00: 22
2026-06-14 21:06:53,859 INFO     ✓ Все номера уже верны
2026-06-14 21:06:53,859 INFO 
  Орг: ИП Тутушкина Элина Александровна
2026-06-14 21:07:08,153 INFO     Документов до 2026-05-01 00:00:00: 1069
2026-06-14 21:07:08,154 INFO     Канонический prefix: 'ТУ-'
2026-06-14 21:07:08,154 INFO     Якорь: 'ТУ-06023' (moment=2026-04-24 12:48:00.000) → num=6023 width=5
2026-06-14 21:07:09,530 INFO     Документов с 2026-05-01 00:00:00: 24
2026-06-14 21:07:09,531 INFO     ✓ Все номера уже верны
2026-06-14 21:07:09,536 INFO 
Отчёт: /Users/max/Desktop/CURSOR/Бизнес/агенты/АРХИТЕКТОР/_КОНТЕКСТ/клиенты/van_pak/scripts/fix_numbering_report.json
