2026-06-14 21:33:21,964 INFO 
Аккаунт: old | from-date: 2026-05-01 00:00:00 | dry: False | only: factureout
2026-06-14 21:33:24,486 INFO Организаций: 7
2026-06-14 21:33:24,487 INFO   0f442709… ИП Збань Виталий Алексеевич
2026-06-14 21:33:24,487 INFO   788c26f4… Переработка брака
2026-06-14 21:33:24,487 INFO   7db6c76d… ИП Такоева Анна Олеговна
2026-06-14 21:33:24,487 INFO   9e916f75… ИП Афанасьева Наталья Александровна
2026-06-14 21:33:24,487 INFO   b24cb33b… ООО "ВАН ПАК"
2026-06-14 21:33:24,487 INFO   b8847af4… ИП Фролова Юлия Дмитриевна
2026-06-14 21:33:24,487 INFO   d7f9037f… ИП Тутушкина Элина Александровна
2026-06-14 21:33:24,487 INFO 
=======================================================
factureout
=======================================================
2026-06-14 21:33:26,988 INFO   Всего factureout >= 2026-05-01 00:00:00: 323
2026-06-14 21:36:54,872 INFO   Нужно изменить: 81, уже верно: 242, нет отгрузки: 0
2026-06-14 21:36:54,872 INFO   Проход 1/2: временные имена...
2026-06-14 21:38:53,032 INFO   Проход 2/2: финальные имена...
2026-06-14 21:40:46,854 INFO   factureout: ok=81 err=0 no_demand=0
2026-06-14 21:40:46,859 INFO 
Отчёт: /Users/max/Desktop/CURSOR/Бизнес/агенты/АРХИТЕКТОР/_КОНТЕКСТ/клиенты/van_pak/scripts/fix_numbering_report.json
