2026-06-14 21:13:20,918 INFO 
Аккаунт: old | from-date: 2026-05-01 00:00:00 | dry: False | only: invoiceout
2026-06-14 21:13:23,280 INFO Организаций: 7
2026-06-14 21:13:23,280 INFO   0f442709… ИП Збань Виталий Алексеевич
2026-06-14 21:13:23,280 INFO   788c26f4… Переработка брака
2026-06-14 21:13:23,280 INFO   7db6c76d… ИП Такоева Анна Олеговна
2026-06-14 21:13:23,280 INFO   9e916f75… ИП Афанасьева Наталья Александровна
2026-06-14 21:13:23,281 INFO   b24cb33b… ООО "ВАН ПАК"
2026-06-14 21:13:23,281 INFO   b8847af4… ИП Фролова Юлия Дмитриевна
2026-06-14 21:13:23,281 INFO   d7f9037f… ИП Тутушкина Элина Александровна
2026-06-14 21:13:23,281 INFO 
=======================================================
invoiceout → customerOrder.name
=======================================================
2026-06-14 21:13:28,788 INFO   Всего invoiceout >= 2026-05-01 00:00:00: 479
2026-06-14 21:14:14,170 WARNING   ⚠ invoiceout 'COL-9bcb3f93': нет customerOrder, пропуск
2026-06-14 21:18:05,909 INFO   Нужно изменить: 126, уже верно: 352, без customerOrder: 1
2026-06-14 21:18:05,910 INFO   Проход 1/2: временные имена...
2026-06-14 21:20:53,313 INFO   Проход 2/2: финальные имена...
2026-06-14 21:23:25,058 WARNING   ✗ PUT invoiceout/2758fa92-6646-11f1-0a80-0c0900f578a0 name='ВА-02682': 412 {
  "errors" : [ {
    "error" : "Ошибка сохранения объекта: нарушено ограничение уникальности параметра 'name'",
    "code" : 3006,
    "parameter" : "name",
    "moreInfo" : "https://dev.moysklad.ru
2026-06-14 21:23:25,604 WARNING   ✗ PUT invoiceout/281ab7c6-6646-11f1-0a80-0c0900f57993 name='ВА-02674': 412 {
  "errors" : [ {
    "error" : "Ошибка сохранения объекта: нарушено ограничение уникальности параметра 'name'",
    "code" : 3006,
    "parameter" : "name",
    "moreInfo" : "https://dev.moysklad.ru
2026-06-14 21:23:26,145 WARNING   ✗ PUT invoiceout/29007094-6646-11f1-0a80-0c0900f57ab4 name='АФ-00012': 412 {
  "errors" : [ {
    "error" : "Ошибка сохранения объекта: нарушено ограничение уникальности параметра 'name'",
    "code" : 3006,
    "parameter" : "name",
    "moreInfo" : "https://dev.moysklad.ru
2026-06-14 21:23:26,652 WARNING   ✗ PUT invoiceout/29ecd38e-6646-11f1-0a80-0c0900f57bb6 name='ВА-02673': 412 {
  "errors" : [ {
    "error" : "Ошибка сохранения объекта: нарушено ограничение уникальности параметра 'name'",
    "code" : 3006,
    "parameter" : "name",
    "moreInfo" : "https://dev.moysklad.ru
2026-06-14 21:23:27,342 WARNING   ✗ PUT invoiceout/2a6a49d1-6646-11f1-0a80-0c0900f57c92 name='ТА-01556': 412 {
  "errors" : [ {
    "error" : "Ошибка сохранения объекта: нарушено ограничение уникальности параметра 'name'",
    "code" : 3006,
    "parameter" : "name",
    "moreInfo" : "https://dev.moysklad.ru
2026-06-14 21:23:27,904 WARNING   ✗ PUT invoiceout/2b2b5c20-6646-11f1-0a80-0c0900f57dd2 name='ВА-02671': 412 {
  "errors" : [ {
    "error" : "Ошибка сохранения объекта: нарушено ограничение уникальности параметра 'name'",
    "code" : 3006,
    "parameter" : "name",
    "moreInfo" : "https://dev.moysklad.ru
2026-06-14 21:23:28,422 WARNING   ✗ PUT invoiceout/2bec1a12-6646-11f1-0a80-0c0900f57ebe name='ВА-02677': 412 {
  "errors" : [ {
    "error" : "Ошибка сохранения объекта: нарушено ограничение уникальности параметра 'name'",
    "code" : 3006,
    "parameter" : "name",
    "moreInfo" : "https://dev.moysklad.ru
2026-06-14 21:23:28,968 WARNING   ✗ PUT invoiceout/2cec4d80-6646-11f1-0a80-0c0900f57fc3 name='ВА-02678': 412 {
  "errors" : [ {
    "error" : "Ошибка сохранения объекта: нарушено ограничение уникальности параметра 'name'",
    "code" : 3006,
    "parameter" : "name",
    "moreInfo" : "https://dev.moysklad.ru
2026-06-14 21:23:29,507 WARNING   ✗ PUT invoiceout/2ecb4470-6646-11f1-0a80-0c0900f581b6 name='ФР-00193': 412 {
  "errors" : [ {
    "error" : "Ошибка сохранения объекта: нарушено ограничение уникальности параметра 'name'",
    "code" : 3006,
    "parameter" : "name",
    "moreInfo" : "https://dev.moysklad.ru
2026-06-14 21:23:30,263 WARNING   ✗ PUT invoiceout/318976f5-6646-11f1-0a80-0c0900f584a3 name='ПЕ-00435': 412 {
  "errors" : [ {
    "error" : "Ошибка сохранения объекта: нарушено ограничение уникальности параметра 'name'",
    "code" : 3006,
    "parameter" : "name",
    "moreInfo" : "https://dev.moysklad.ru
2026-06-14 21:23:30,925 WARNING   ✗ PUT invoiceout/31f250bd-6646-11f1-0a80-0c0900f58554 name='ТУ-00890': 412 {
  "errors" : [ {
    "error" : "Ошибка сохранения объекта: нарушено ограничение уникальности параметра 'name'",
    "code" : 3006,
    "parameter" : "name",
    "moreInfo" : "https://dev.moysklad.ru
2026-06-14 21:23:31,542 WARNING   ✗ PUT invoiceout/348c583b-6646-11f1-0a80-0c0900f58942 name='ВА-02681': 412 {
  "errors" : [ {
    "error" : "Ошибка сохранения объекта: нарушено ограничение уникальности параметра 'name'",
    "code" : 3006,
    "parameter" : "name",
    "moreInfo" : "https://dev.moysklad.ru
2026-06-14 21:23:32,101 WARNING   ✗ PUT invoiceout/358da17d-6646-11f1-0a80-0c0900f58ac7 name='ВА-02675': 412 {
  "errors" : [ {
    "error" : "Ошибка сохранения объекта: нарушено ограничение уникальности параметра 'name'",
    "code" : 3006,
    "parameter" : "name",
    "moreInfo" : "https://dev.moysklad.ru
2026-06-14 21:23:32,769 WARNING   ✗ PUT invoiceout/360bb637-6646-11f1-0a80-0c0900f58b4c name='ТА-01557': 412 {
  "errors" : [ {
    "error" : "Ошибка сохранения объекта: нарушено ограничение уникальности параметра 'name'",
    "code" : 3006,
    "parameter" : "name",
    "moreInfo" : "https://dev.moysklad.ru
2026-06-14 21:23:33,342 WARNING   ✗ PUT invoiceout/37174efd-6646-11f1-0a80-0c0900f58ca0 name='ВА-02680': 412 {
  "errors" : [ {
    "error" : "Ошибка сохранения объекта: нарушено ограничение уникальности параметра 'name'",
    "code" : 3006,
    "parameter" : "name",
    "moreInfo" : "https://dev.moysklad.ru
2026-06-14 21:23:33,949 WARNING   ✗ PUT invoiceout/37e74552-6646-11f1-0a80-0c0900f58d73 name='ВА-02676': 412 {
  "errors" : [ {
    "error" : "Ошибка сохранения объекта: нарушено ограничение уникальности параметра 'name'",
    "code" : 3006,
    "parameter" : "name",
    "moreInfo" : "https://dev.moysklad.ru
2026-06-14 21:23:34,616 WARNING   ✗ PUT invoiceout/3907db70-6646-11f1-0a80-0c0900f58eb8 name='АФ-00014': 412 {
  "errors" : [ {
    "error" : "Ошибка сохранения объекта: нарушено ограничение уникальности параметра 'name'",
    "code" : 3006,
    "parameter" : "name",
    "moreInfo" : "https://dev.moysklad.ru
2026-06-14 21:23:35,225 WARNING   ✗ PUT invoiceout/39c551b6-6646-11f1-0a80-0c0900f58f9f name='ВА-02670': 412 {
  "errors" : [ {
    "error" : "Ошибка сохранения объекта: нарушено ограничение уникальности параметра 'name'",
    "code" : 3006,
    "parameter" : "name",
    "moreInfo" : "https://dev.moysklad.ru
2026-06-14 21:23:35,808 WARNING   ✗ PUT invoiceout/3b0bb38b-6646-11f1-0a80-0c0900f59112 name='ПЕ-00434': 412 {
  "errors" : [ {
    "error" : "Ошибка сохранения объекта: нарушено ограничение уникальности параметра 'name'",
    "code" : 3006,
    "parameter" : "name",
    "moreInfo" : "https://dev.moysklad.ru
2026-06-14 21:23:36,602 INFO   Проход 2 завершён: ok=107 err=19
2026-06-14 21:23:36,602 INFO   Проход 3/3: устранение коллизий (19 шт)...
2026-06-14 21:25:08,308 INFO   ✓ Коллизия устранена: 'ВА-02682', блокирующий → 'COL-dcf0d5ce'
2026-06-14 21:25:09,658 INFO   ✓ Коллизия устранена: 'ВА-02674', блокирующий → 'COL-de690008'
2026-06-14 21:25:11,025 INFO   ✓ Коллизия устранена: 'АФ-00012', блокирующий → 'COL-e0dde1e1'
2026-06-14 21:25:12,533 INFO   ✓ Коллизия устранена: 'ВА-02673', блокирующий → 'COL-e212f79b'
2026-06-14 21:25:14,125 INFO   ✓ Коллизия устранена: 'ТА-01556', блокирующий → 'COL-e3461280'
2026-06-14 21:25:16,192 INFO   ✓ Коллизия устранена: 'ВА-02671', блокирующий → 'COL-e6864ad6'
2026-06-14 21:25:17,625 INFO   ✓ Коллизия устранена: 'ВА-02677', блокирующий → 'COL-e97388a1'
2026-06-14 21:25:19,325 INFO   ✓ Коллизия устранена: 'ВА-02678', блокирующий → 'COL-ea82817a'
2026-06-14 21:25:20,660 INFO   ✓ Коллизия устранена: 'ФР-00193', блокирующий → 'COL-ede91ead'
2026-06-14 21:25:22,432 INFO   ✓ Коллизия устранена: 'ПЕ-00435', блокирующий → 'COL-ef3c949d'
2026-06-14 21:25:23,750 INFO   ✓ Коллизия устранена: 'ТУ-00890', блокирующий → 'COL-f1aaf61c'
2026-06-14 21:25:25,694 INFO   ✓ Коллизия устранена: 'ВА-02681', блокирующий → 'COL-f3f4406c'
2026-06-14 21:25:27,238 INFO   ✓ Коллизия устранена: 'ВА-02675', блокирующий → 'COL-f74dad12'
2026-06-14 21:25:28,986 INFO   ✓ Коллизия устранена: 'ТА-01557', блокирующий → 'COL-fbfbbf2b'
2026-06-14 21:25:30,875 INFO   ✓ Коллизия устранена: 'ВА-02680', блокирующий → 'COL-fe21a653'
2026-06-14 21:25:32,388 INFO   ✓ Коллизия устранена: 'ВА-02676', блокирующий → 'COL-01a1dde1'
2026-06-14 21:25:34,119 INFO   ✓ Коллизия устранена: 'АФ-00014', блокирующий → 'COL-02dcb2f6'
2026-06-14 21:25:35,491 INFO   ✓ Коллизия устранена: 'ВА-02670', блокирующий → 'COL-05d049d6'
2026-06-14 21:25:36,981 INFO   ✓ Коллизия устранена: 'ПЕ-00434', блокирующий → 'COL-07319130'
2026-06-14 21:25:36,981 INFO   invoiceout: ok=126 err=0 no_customerorder=1
2026-06-14 21:25:37,004 INFO 
Отчёт: /Users/max/Desktop/CURSOR/Бизнес/агенты/АРХИТЕКТОР/_КОНТЕКСТ/клиенты/van_pak/scripts/fix_numbering_report.json
